// Jest Snapshot v1, https://goo.gl/fbAQLP

exports[`EditOrganisme is rendering EditOrganisme renders components 1`] = `undefined`;
